engine stderr: Got order: B 0 x 96 @ 2 ID: 2
engine stderr: Got order: B 0 x 88 @ 97 ID: 10
engine stderr: Got order: B 0 x [HANDLE WAITING] Order: 2, for BOTH LOCKS
engine stderr: [HANDLE] Order: 2,  Acquired BOTH LOCKS
engine stderr: [ADD WAITING] Order: 2,  forBUY lock!
engine stderr: [ADD] Order: 2, Acquire BUY lock!
engine stderr: 93 @ 53 ID: 8
engine stderr: [ADD RELEASE] Order: 2, BUY lock!
engine stderr: [HANDLE RELEASE] Order: 2,  BOTH LOCKS
engine stderr: [EXECUTE WAITING] Order: 2,  forSELL lock!
engine stderr: [EXECUTE] Order: 2,  Acquire SELL lock!
engine stderr: [HANDLE WAITING] Order: 2,  forBUY lock!
engine stderr: [HANDLE] Order: 2,  Acquire BUY lock!
Engine stdout: B 2 0 2 96 109818672694666
engine stderr: Got order: S [HANDLE WAITING] Order: 0 x 44 @ 64 ID: 6
engine stderr: 8, for BOTH LOCKS
engine stderr: [HANDLE] Order: 8,  Acquired BOTH LOCKS
engine stderr: [ADD WAITING] Order: 8,  forBUY lock!
engine stderr: Got order: S 0 x 53 @ 34[HANDLE WAITING] Order: 6, for BOTH LOCKS
engine stderr: [***HANDLE RELEASE] Order: 2, BUY lock! ID: 17
engine stderr: Got order: S 0 x
engine stderr: 43 @ 14 ID: 14
engine stderr: Got order: B 0 x 80 @ 65 ID: 13
engine stderr: [HANDLE WAITING] Order: Got order: B 0 x 48 @ 97 ID: 16
engine stderr: 10, for BOTH LOCKS
engine stderr: Got order: B 0 x 62 @ 46 ID: 3
engine stderr: Got order: B 0 x 1 @ 19 ID: 5
engine stderr: [HANDLE WAITING] Order: Got order: S 0 x 97 @ 70 ID: 4
engine stderr: 17Got order: S 0 x 15 @ 49 ID: 1
engine stderr: , for BOTH LOCKS
engine stderr: Got order: S 0 x 94 @ 30 ID: 12
engine stderr: [ADD] Order: 8, Acquire BUY lock!
engine stderr: Got order: S 0 x 94 @ 29 ID: 15
engine stderr: [HANDLE WAITING] Order: 14, for BOTH LOCKS
engine stderr: [HANDLE WAITING] Order: 15, for BOTH LOCKS
engine stderr: [HANDLE WAITING] Order: 16, for BOTH LOCKS
engine stderr: [HANDLE WAITING] Order: 3, for BOTH LOCKS
engine stderr: [HANDLE WAITING] Order: 5, for BOTH LOCKS
engine stderr: [HANDLE WAITING] Order: 4, for BOTH LOCKS
engine stderr: [HANDLE WAITING] Order: 1, for BOTH LOCKS
engine stderr: [HANDLE WAITING] Order: 12, for BOTH LOCKS
engine stderr: [ADD RELEASE] Order: 8, BUY lock!
engine stderr: [HANDLE RELEASE] Order: 8,  BOTH LOCKS
engine stderr: [HANDLE WAITING] Order: 13, for BOTH LOCKS
engine stderr: [HANDLE] Order: 13,  Acquired BOTH LOCKS
engine stderr: [ADD WAITING] Order: 13,  forBUY lock!
engine stderr: [ADD] Order: 13, Acquire BUY lock!
engine stderr: [EXECUTE WAITING] Order: 8,  forSELL lock!
engine stderr: [EXECUTE] Order: 8,  Acquire SELL lock!
engine stderr: [HANDLE WAITING] Order: 8,  forBUY lock!
engine stderr: [ADD RELEASE] Order: 13, BUY lock!
engine stderr: [HANDLE RELEASE] Order: 13,  BOTH LOCKS
engine stderr: [EXECUTE WAITING] Order: 13,  forSELL lock!
engine stderr: [EXECUTE] Order: 13,  Acquire SELL lock!
engine stderr: [HANDLE WAITING] Order: 13,  forBUY lock!
engine stderr: [HANDLE] Order: 8,  Acquire BUY lock!
Engine stdout: B 8 0 53 93 109818675023458
engine stderr: [HANDLE] Order: 10,  Acquired BOTH LOCKS
engine stderr: [ADD WAITING] Order: 10,  forBUY lock!
engine stderr: [***HANDLE RELEASE] Order: 8, BUY lock!
engine stderr: [HANDLE] Order: 13,  Acquire BUY lock!
Engine stdout: B 13 0 65 80 109818675101833
engine stderr: [***HANDLE RELEASE] Order: 13, BUY lock!
engine stderr: [ADD] Order: 10, Acquire BUY lock!
engine stderr: [ADD RELEASE] Order: 10, BUY lock!
engine stderr: [HANDLE RELEASE] Order: 10,  BOTH LOCKS
engine stderr: [EXECUTE WAITING] Order: 10,  forSELL lock!
engine stderr: [EXECUTE] Order: 10,  Acquire SELL lock!
engine stderr: [HANDLE WAITING] Order: 10,  forBUY lock!
engine stderr: [HANDLE] Order: 10,  Acquire BUY lock!
Engine stdout: B 10 0 97 88 109818675260250
engine stderr: [HANDLE] Order: 17,  Acquired BOTH LOCKS
engine stderr: [ADD WAITING] Order: 17,  forSELL lock!
engine stderr: [ADD] Order: 17, Acquire SELL lock!
engine stderr: [ADD RELEASE] Order: 17, SELL lock!
engine stderr: [HANDLE RELEASE] Order: 17,  BOTH LOCKS
engine stderr: [***HANDLE RELEASE] Order: 10, BUY lock!
engine stderr: [EXECUTE WAITING] Order: 17,  forBUY lock!
engine stderr: [EXECUTE] Order: 17,  Acquire BUY lock!
engine stderr: [EXECUTE] Order: 17. Order Price: 34, Order count: 53, oppPrice: 97, priceQueueSize: 1
Engine stdout: E 10 17 1 97 53 109818675397041
engine stderr: [EXECUTE] Order: 17. Order Price: 34, Order count: 0, oppPrice: 65, priceQueueSize: 1
engine stderr: [EXECUTE] Order: 17. Order Price: 34, Order count: 0, oppPrice: 53, priceQueueSize: 1
engine stderr: [EXECUTE] Order: 17. Order Price: 34, Order count: 0, oppPrice: 2, priceQueueSize: 1
engine stderr: [HANDLE WAITING] Order: 17,  forSELL lock!
engine stderr: [HANDLE] Order: 17,  Acquire SELL lock!
engine stderr: [***HANDLE RELEASE] Order: 17, SELL lock!
engine stderr: [HANDLE] Order: 14,  Acquired BOTH LOCKS
engine stderr: [ADD WAITING] Order: 14,  forSELL lock!
engine stderr: [ADD] Order: 14, Acquire SELL lock!
engine stderr: [ADD RELEASE] Order: 14, SELL lock!
engine stderr: [HANDLE RELEASE] Order: 14,  BOTH LOCKS
engine stderr: [EXECUTE WAITING] Order: 14,  forBUY lock!
engine stderr: [EXECUTE] Order: 14,  Acquire BUY lock!
engine stderr: [EXECUTE] Order: 14. Order Price: 14, Order count: 43, oppPrice: 97, priceQueueSize: 1
Engine stdout: E 10 14 2 97 35 109818675661375
engine stderr: [HANDLE] Order: 15,  Acquired BOTH LOCKS
engine stderr: [ADD WAITING] Order: 15,  forSELL lock!
engine stderr: [ADD] Order: 15, Acquire SELL lock!
engine stderr: [ADD RELEASE] Order: 15, SELL lock!
engine stderr: [HANDLE RELEASE] Order: 15,  BOTH LOCKS
engine stderr: [EXECUTE] Order: 14. Order Price: 14, Order count: 8, oppPrice: 65, priceQueueSize: 1
Engine stdout: E 13 14 1 65 8 109818675832625
engine stderr: [HANDLE] Order: 16,  Acquired BOTH LOCKS
engine stderr: [ADD WAITING] Order: 16,  forBUY lock!
engine stderr: [EXECUTE] Order: 14. Order Price: 14, Order count: 0, oppPrice: 53, priceQueueSize: 1
engine stderr: [EXECUTE] Order: 14. Order Price: 14, Order count: 0, oppPrice: 2, priceQueueSize: 1
engine stderr: [HANDLE WAITING] Order: 14,  forSELL lock!
engine stderr: [HANDLE] Order: 14,  Acquire SELL lock!
engine stderr: [***HANDLE RELEASE] Order: 14, SELL lock!
engine stderr: [EXECUTE WAITING] Order: 15,  forBUY lock!
engine stderr: [ADD] Order: 16, Acquire BUY lock!
engine stderr: [ADD RELEASE] Order: 16, BUY lock!
engine stderr: [HANDLE RELEASE] Order: 16,  BOTH LOCKS
engine stderr: [EXECUTE WAITING] Order: 16,  forSELL lock!
engine stderr: [EXECUTE] Order: 16,  Acquire SELL lock!
engine stderr: [EXECUTE] Order: 16. Order Price: 97, Order count: 48, oppPrice: 14, priceQueueSize: 1
engine stderr: [EXECUTE] Order: 16. Order Price: 97, Order count: 48, oppPrice: 29, priceQueueSize: 1
engine stderr: [EXECUTE] Order: 16 going to sleep
engine stderr: [EXECUTE] Order: 15,  Acquire BUY lock!
engine stderr: [EXECUTE] Order: 15. Order Price: 29, Order count: 94, oppPrice: 97, priceQueueSize: 1
engine stderr: [EXECUTE] Order: 15. Order Price: 29, Order count: 94, oppPrice: 65, priceQueueSize: 1
Engine stdout: E 13 15 2 65 72 109818676314583
engine stderr: [HANDLE] Order: 3,  Acquired BOTH LOCKS
engine stderr: [ADD WAITING] Order: 3,  forBUY lock!
engine stderr: [EXECUTE] Order: 15. Order Price: 29, Order count: 22, oppPrice: 53, priceQueueSize: 1
Engine stdout: E 8 15 1 53 22 109818676406000
engine stderr: [EXECUTE] Order: 15. Order Price: 29, Order count: 0, oppPrice: 2, priceQueueSize: 1
engine stderr: [HANDLE WAITING] Order: 15,  forSELL lock!
engine stderr: [HANDLE] Order: 15,  Acquire SELL lock!
engine stderr: [***HANDLE RELEASE] Order: 15, SELL lock!
engine stderr: [ADD] Order: 3, Acquire BUY lock!
engine stderr: [ADD RELEASE] Order: 3, BUY lock!
engine stderr: [HANDLE RELEASE] Order: 3,  BOTH LOCKS
engine stderr: [EXECUTE WAITING] Order: 3,  forSELL lock!
engine stderr: [EXECUTE] Order: 3,  Acquire SELL lock!
engine stderr: [EXECUTE] Order: 3. Order Price: 46, Order count: 62, oppPrice: 14, priceQueueSize: 0
engine stderr: [EXECUTE] Order: 3. Order Price: 46, Order count: 62, oppPrice: 29, priceQueueSize: 1
engine stderr: [EXECUTE] Order: 3. Order Price: 46, Order count: 62, oppPrice: 34, priceQueueSize: 1
engine stderr: [EXECUTE RELEASE] Order: 3,  SELL lock!
engine stderr: [HANDLE] Order: 5,  Acquired BOTH LOCKS
engine stderr: [ADD WAITING] Order: 5,  forBUY lock!
engine stderr: [ADD] Order: 5, Acquire BUY lock!
engine stderr: [HANDLE WAITING] Order: 3,  forBUY lock!
engine stderr: [ADD RELEASE] Order: 5, BUY lock!
engine stderr: [HANDLE RELEASE] Order: 5,  BOTH LOCKS
engine stderr closed
engine closed despite orders still being active