B 2 0 2 96 109818672694666
B 8 0 53 93 109818675023458
B 13 0 65 80 109818675101833
B 10 0 97 88 109818675260250
E 10 17 1 97 53 109818675397041
E 10 14 2 97 35 109818675661375
E 13 14 1 65 8 109818675832625
E 13 15 2 65 72 109818676314583
E 8 15 1 53 22 109818676406000